{
  "Logging": {
    "LogLevel": "Debug"
  },
  "Database": {
    "ConnectionString": "Server=myserver;Database=mydb;User=devuser;Password=devpassword"
  },
  "API": {
    "ApiKey": "dev-api-key-here",
    "RetryCount": 5,
    "IsProduction": false
  },
  "Features": {
    "FeatureA:Enabled": false,
    "FeatureB:Threshold": 2.75
  }
}